=== Testing Client Credentials Flow ===
Client ID: de6472af...
Client Secret: 4c20ea7d...
Γ£ô Client credentials token obtained!
  Token prefix: BQDbS4gvpsF6nnoo1GQj...
  Expires in: 3600 seconds

=== Testing Search for a Public Playlist ===
node : Γ£ù Public 
playlist fetch FAILED: 
404 {
At line:1 char:1
+ node test_spotify.js > 
test_output.txt 2>&1
+ ~~~~~~~~~~~~~~~~~~~~~~~~
~~~~~~~~~~~~~~~~~~~
    + CategoryInfo        
      : NotSpecified: (Γ  
  £ù Public playlist fe   
 tch FAILED: 404 {:Str    
ing) [], RemoteExcept    
ion
    + FullyQualifiedError 
   Id : NativeCommandErr  
  or
 
  "error": {
    "status": 404,
    "message": "Resource 
not found"
  }
}

=== Testing via our server API ===
Server playlists response: 401 {"error":"Spotify not connected. Go to Settings to connect."}
